---
source: derive/src/tests/cases.rs
---
#[derive(Row)]
struct Sample<'a> {
    a: i32,
    b: &'a str,
}

/****** GENERATED ******/
#[automatically_derived]
impl<'a> clickhouse::Row for Sample<'a> {
    const NAME: &'static str = stringify!(Sample);
    fn column_names() -> impl IntoIterator<Item = &'static str> {
        std::iter::empty().chain(std::iter::once("a")).chain(std::iter::once("b"))
    }
    fn column_count() -> usize {
        <Self as clickhouse::Row>::column_names().into_iter().count()
    }
    const KIND: clickhouse::_priv::RowKind = clickhouse::_priv::RowKind::Struct;
    type Value<'__v> = Sample<'__v>;
}
